ls: cannot access 'that': No such file or directory
